2005-KY-003
2004-KY-001
2003-KY-002
2005-B-004
2005-B-005
2007-B-016
2007-B-017
2009-B-002
2009-B-003
2009-B-001
2009-B-004
2009-B-005
2009-B-006
2009-B-007
2009-B-008
2009-B-009
2009-B-010
2003-KY-003
2006-KY-003
2005-KY-002
2007-KY-002
2007-KY-010
2006-KY-004
2007-KY-015
2007-KY-014
2008-KY-016
2008-KY-001
2007-KY-001
2007-KY-012
2006-KY-001
2007-KY-009
2008-KY-002
2008-KY-003
2008-KY-015
2008-KY-004
2008-KY-008
2008-KY-014
2007-KY-003
2008-KY-007
2008-KY-012
2008-KY-017
2008-KY-019
2007-KY-011
2007-KY-008
2008-KY-018
2008-KY-023
2008-KY-021
2008-KY-022
2009-KY-001
2009-KY-002
2009-KY-003
2009-KY-004
2009-KY-005
2009-KY-006
2009-KY-007
2009-KY-008
2009-KY-010
2008-KY-006
2008-KY-009
2008-KY-010
2009-KY-011
2008-B-020
2009-KY-012
2009-KY-013
2007-KY-007
2008-KY-025
2007-KY-004
2008-KY-005
2008-KY-013
2007-KY-005
2007-KY-006
2006-KY-002
2006-KY-005
2006-KY-006
2006-KY-007
2006-KY-008
2006-KY-009
2006-KY-010
2006-KY-011
2006-KY-013
2006-KY-014
2005-B-001
2004-KY-002
2004-B-004
2003-KY-001
2002-B-001
2002-KY-002
2001-KY-001
2001-KY-002
2000-KY-001
2000-B-002
1999-KY-001
1999-KY-002
1999-KY-003
1998-KY-001
1998-KY-002
1997-KY-001
1997-KY-002
1997-KY-003
1997-KY-004
1997-KY-005
1997-KY-006
1997-B-007
1997-KY-008
1997-KY-009
1997-KY-010
1994-KY-001
2010-KY-001
2010-KY-002
2010-KY-003
2010-KY-004
2010-KY-006
2010-KY-012
2010-KY-008
2010-KY-011
2010-B-001
2010-KY-013
2010-KY-014
2010-B-002
2010-B-003
2011-KY-001
2011-KY-002
2011-KY-004
2011-KY-005
2011-KY-006
2011-B-001
2011-B-002
2011-B-004
2011-B-005
2011-B-006
2011-B-003
2012-KY-003
2012-KY-004
2012-KY-005
2012-KY-006
2012-KY-008
2012-KY-009
2012-KY-010
2012-KY-011
2012-KY-012
2012-KY-013
2012-KY-015
2012-KY-014
2012-KY-016
2012-KY-018
2012-KY-007
2012-KY-017
2008-KY-024
2010-KY-015
2012-KY-002
2009-KY-009
2009-KY-014
2010-KY-007
2011-KY-007
2010-KY-005
2013-KY-001
2010-KY-009
2010-KY-010
2011-KY-003
2012-KY-001（1）
2013-KY-003
2013-KY-002
2012-KY-001（2）
2013-B-001
2013-B-002
2013-B-003
2013-B-004
2013-B-005
2013-B-006
2013-KY-004
2013-KY-005
2013-B-007
2013-B-008
2013-B-009
2013-KY-006
2013-KY-007
2013-KY-008
2013-KY-009
2013-KY-010
2013-KY-011
2013-KY-012
2013-B-010
2014-B-001
2014-B-002
2014-B-003
2014-B-004
2014-KY-001
2014-KY-002
2014-B-005
2014-B-006
2014-KY-003
2014-KY-004
2014-KY-005
2014-KY-006
2015-B-001
2015-B-002
2015-KY-001
2015-KY-002
2015-KY-006
2015-KY-009
2015-KY-011
2015-KY-007
2015-KY-010
2015-KY-008
2015-KY-003
2015-KY-004
2015-KY-005
2015-KY
2015-KY
2015-KY
2015-KY
2015-KY
2015-KY
2015-KY
2015-KY-013
2015-B-003
2015-B-004
2015-KY-012
2015-KY-014
2015-B-005
2015-B-006
2015-KY-016
2015-KY-017
2015-KY-015
2015-KY-020
2015-B-007
2015-KY-018
2015-B-009
2015-B-010
2015-KY-021
2015-KY-022
2016-KY-001
2016-KY-002
2016-KY-004
2016-KY-003
2016-B-001
2016-B-002
2016-B-003
2016-B-004
2016-KY-005
2016-B-010
2016-KY-012
2016-KY-008
2016-B-012
2016-KY-007
2016-KY-010
2016-KY-016
2016-KY-006
2016-KY-011
2016-KY-017
2016-KY-015
2016-KY-009
2016-KY-014
2016-KY-013
2016-KY-020
2016-KY-021
2016-KY-022
2016-KY-023
2016-KY-018
2016-KY-024
2016-KY-025
2016-B-013
2016-KY-026
2016-KY-027
2016-KY-028
2016-KY-029
2016-KY-030
2016-ZH-001
2016-ZH-002
2016-ZH-003
2016-ZH-004
2016-ZH-005
2016-ZH-006
2016-ZH-007
2016-ZH-008
2016-ZH-009
2016-ZH-010
2016-ZH-011
2016-ZH-012
2016-ZH-013
2016-ZH-014
2016-ZH-015
2016-ZH-016
2016-ZH-017
2016-ZH-018
2016-ZH-019
2016-ZH-020
2016-B-014
2016-B-015
2016-KY-031
2017-KY-001
2017-KY-002
2017-KY-003
2017-KY
2017-KY-004
2017-KY-005
2017-KY-006
2017-KY-007
2017-KY-008
2017-KY
2017-KY
2017-KY-009
2017-KY-010
2017-KY
2017-KY-011
2017-KY-012
2017-KY-013
2017-KY-014
2017-B-001
2017-KY-015
2017-B-002
2017-B-003
2017-B-004
2017-B-005
2017-B-006
2017-KY-016
2017-KY-017
2017-KY-019
2017-KY-018
2017-ZH-001
2017-B-007
2017-B-008
2017-ZH-002
2017-ZH-003
2017-ZH-004
2017-ZH-005
2017-ZH-006
2017-ZH-007
2017-ZH-008
2017-ZH-009
2018-B-001
2017-ZH-010
2017-ZH-011
2017-ZH-012
2017-ZH-013
2017-ZH-014
2017-ZH-015
2017-ZH-016
2017-KY-020
2018-KY-001
2018-KY-002
2018-KY-003
2018-KY-005
2018-B-002
2018-KY-006
2018-KY-007
2018-KY-008
2018-KY-009
2018-KY-010
2018-KY-004
2018-KY-011
2018-KY-012
2018-KY-013
2018-KY-014
2018-KY-018
2018-KY-017
2018-KY-016
2018-B-003
2018-KY-015
2018-KY-019
2018-KY-022
2018-KY-021
2018-B-004
2018-KY-020
2018-B-005
2018-B-006
2018-KY-023
2018-B-007
2018-KY-024
2018-KY-025
2018-ZH-001
2018-ZH-002
2018-ZH-003
2018-ZH-004
2018-ZH-005
2018-ZH-006
2019-KY-001
2019-B-001
2019-B-002
2019-B-003
2019-B-004
2019-B-005
2019-B-006
2019-RC-001
2019-RC-002
2019-B-007
2019-KY-002
2019-KY-003
2019-KY-004
2019-B-008
2019-KY-007
2019-KY-009
2019-KY-011
2019-KY-010
2019-KY-008
2019-KY-005
2019-KY-012
2019-KY-013
2019-KY-014
2019-KY-017
2019-IT-001
2019-B-009
2019-KY-016
2019-KY-015
2019-KY-018
2019-IT-002
2019-B-010
2019-IT-003
2019-KY-020
2019-KY-021
2019-KY-006
2019-B-011
2019-B-012
2019-B-013
2019-KY-019
2019-KY-022
2019-RC-003
2019-KY-024
2019-KY-023
2019-KY-026
2019-B-014
2019-KY-028
2019-KY-025
2019-KY-029
2019-KY-027
2019-KY-030
2018-KY-026
2019-ZH-002
2019-ZH-001
2019-ZH-003
2019-ZH-004
2019-ZH-009
2019-ZH-008
2019-ZH-006
2019-ZH-010
2019-ZH-007
2019-ZH-011
2019-ZH-005
2019-ZH-012
2020-IT-001
2020-IT-002
2020-KY-002
2020-KY-003
2020-KY-005
2020-IT-004
2020-KY-007
2020-KY-008
2020-KY-001
2020-IT-003
2020-B-001
2020-IT-007
2020-IT-006
2020-KY-009
2020-IT-008
2020-KY-010
2020-B-002
2020-IT-009
2020-RC-001
2020-B-003
2020-KY-006
2020-IT-005
2020-KY-004
2020-KY-011
2020-B-004
2020-B-005
2020-KY-013
2020-KY-012
2020-B-006
2020-B-007
2020-KY-014
2020-KY-015
2020-B-008
2020-B-009
2020-B-010
2020-KY-016
2020-B-011
2020-DT-001
2020-RC-002
2020-B-012
2020-KY-018
2020-KY-019
2020-KY-017
2020-DT-002
2020-ZH-001
2020-ZH-002
2020-ZH-003
2020-ZH-004
2020-ZH-005
2020-ZH-006
2020-B-013
2020-B-014
2020-B-015
2020-DT-003
2020-IT-010
2020-B-016
2020-KY-020
2020-B-017
2021-B-001
2021-B-002
2021-KY-001
CK2021-KY-003
2021-IT-001
2021-KY-002
2021-B-003
2021-KY-003
2021-RC-001
2021-B-005
2021-B-006
2021-B-007
2021-KY-004
2021-KY-005
2021-KY-006
2021-IT-002
2021-KY-014
2021-KY-015
2021-KY-013
2021-KY-016
2021-KY-011
2021-KY-009
2021-KY-008
2021-IT-003
2021-KY-007
2021-IT-004
2021-IT-005
2021-IT-006
2021-B-008
2021-B-009
2021-KY-018
2021-KY-017
2021-B-010
2021-B-011
2021-KY-019
2021-IT-007
2021-DT-001
2021-KY-020
2021-IT-008
2021-KY-021
2021-KY-022
2021-DT-002
2021-KY-012
2021-B-012
2021-B-013
2021-RC-002
2021-KY-024
2021-B-014
2021-B-016
2021-B-017
2021-KY-023
2021-KY-010
2021-ZH-001
2021-ZH-003
2021-ZH-002
2021-DT-003
2021-ZH-004
2021-KY-025
2021-B-018
2022-B-001
2022-B-002
2022-B-003
2022-B-004
2022-B-005
2022-B-006
2022-B-007
2021-IT-010
2021-IT-009
2022-B-008
2022-B-009
2022-KY-001
2022-B-010
2022-RC-001
2022-IT-001
2022-B-012
2022-KY-003
2022-KY-005
2022-KY-006
2022-B-013
2022-KY-004
2022-KY-007
2022-KY-010
2022-KY-008
2022-IT-002
2022-B-014
2022-IT-003
2022-B-011
2022-IT-005
2022-KY-009
2022-IT-004
2022-DT-003
2022-DT-001
2022-DT-004
2022-RC-002
2022-IT-007
2022-IT-008
2022-KY-002
2022-KY-012
2022-B-019
2022-B-018
2022-KY-013
2022-KY-011
2022-DT-005
2022-KY-015
2022-KY-014
2022-IT-009
2022-KY-016
2022-IT-011
2022-B-020
2022-KY-023
2022-IT-010
2022-KY-022
2022-B-021
2022-KY-020
2022-KY-025
2022-ZH-003
2022-ZH-004
2022-ZH-001
2022-ZH-007
2022-ZH-002
2022-ZH-005
2022-ZH-008
2022-ZH-009
2022-ZH-006
2022-KY-024
2022-KY-017
2022-KY-018
2022-DT-006
2022-KY-019
2022-KY-021
2022-KY-027
2022-DT-007
2022-KY-026
2022-DT-008
2022-KY-028
2022-KY-029
2022-B-022
2023-B-001
2023-B-002
2023-KY-001
2023-KY-002
2023-KY-003
2023-KY-004
2023-KY-005
2023-B-005
2023-KY-006
2023-KY-007
2023-B-007
2023-B-008
2023-B-009
2023-B-010
2023-B-011
2023-IT-001
2023-KY-016
2023-KY-010
2023-KY-012
2023-KY-014
2023-KY-019
2023-KY-017
2023-KY-011
2023-KY-018
2023-KY-015
2023-KY-013
2023-KY-021
2023-KY-008
2023-RC-001
2023-B-014
2023-KY-020
2023-KY-009
2023-B-015
2023-IT-002
2023-IT-003
2023-KY-022
2023-IT-005
2023-B-016
2023-KY-023
2023-IT-008
2023-KY-025
2023-KY-024
2023-KY-026
2023-IT-007
2023-IT-009
2023-RC-002
2023-RC-003
2023-KY-027
2023-IT-010
2023-KY-028
2023-IT-006
2023-KY-029
2023-B-012
2023-IT-004
2023-B-013
2023-KY-030
2023-B-017
2023-B-018
2023-KY-031
2023-KY-032
2023-KY-033
2023-B-020
2023-B-021
2023-B-023
2023-B-019
2023-B-022
2023-B-024
2023-B-025
2023-KY-036
2023-KY-035
2023-KY-034
2023-B-026
2023-B-027
2023-B-028
2023-B-043
2023-B-051
2023-B-052
2023-B-053
2023-B-054
2023-B-055
2023-B-029
2023-B-030
2023-B-031
2023-B-032
2023-B-033
2023-B-034
2023-B-039
2023-B-040
2023-B-057
2023-B-058
2023-B-059
2023-B-060
2024-KY-015
2024-KY-014
2024-KY-013
2024-KY-012
2024-KY-005
2024-KY-011
2024-KY-010
2024-KY-009
2024-KY-008
2024-KY-004
2024-KY-007
2024-B-001
2024-B-002
2024-KY-006
2024-B-003
2024-KY-001
2024-KY-002
2024-B-004
2024-KY-003
2024-B-005
2024-B-006
2024-KY-017
2024-KY-016
2024-B-007
2024-B-008
2024-KY-028
2024-KY-027
2024-KY-026
2024-KY-025
2024-KY-024
2024-B-009
2024-KY-023
2024-KY-022
2024-KY-021
2024-B-010
2024-B-011
2024-KY-030
2024-B-012
2024-B-013
2024-B-014
2024-B-015
2024-B-016
2024-KY-018
2024-B-017
2024-B-018
2024-B-019
2024-B-020
2024-KY-019
2024-KY-029
2024-B-022
2024-B-023
2024-KY-020
2024-IT-004
2024-IT-001
2024-IT-003
2024-IT-002
2024-IT-005
2024-B-026
2024-IT-006
2024-B-027
2024-IT-007
2024-KY-031
2024-B-028
2024-B-025
2024-KY-032
2024-IT-008
2024-B-029
2024-IT-009
2024-B-033
2024-B-039
2024-B-040
2024-B-041
2024-KY-033
2024-B-042
2024-B-030
2024-B-031
2024-KY-034
2024-KY-035
2024-B-032
2024-B-044
2024-B-045
2024-ZH-001
2024-B-046
2024-B-047
2024-KY-036
2024-KY-037
2024-B-048
2024-B-049
2024-KY-038
2024-KY-039
2024-B-050
2024-RC-001
2024-B-051
2024-KY-041
2024-KY-040
2024-B-052
2024-KY-042
2024-KY-043
2024-B-053
2024-B-054
2024-B-055
2024-B-056
2024-KY-044
2024-B-057
2024-RC-002
2024-KY-045
2024-RC-003
2024-KY-046
2025-KY-001
